! Fit performed by francesco on 14/11/2024 at 20:37:12

Mixture spectrum: /home/francesco/Programma/PYIHM/test/test_spectrum.fid/test_spectrum

Absolute intensity correction: I = 6.13411151e+04

Relative intensities:
Component   1:   49.53058% | Rel:    3.79245
Component   2:   13.06031% | Rel:    1.00000
Component   3:   37.40911% | Rel:    2.86434



Component 1 fitted parameters:
          Region;	   Intensity
------------------------------------------------------------------------------------------------
     8.032:2.426;	1.51913052e+05

   #;	           u;	        fwhm;	 Rel. I.;	   Phase;	    Beta;	   Group
------------------------------------------------------------------------------------------------
   1;	  7.95280859;	    0.972971;	0.051694;	   0.000;	 0.29326;	       0
   2;	  7.95967060;	    0.007993;	0.010120;	   0.000;	 0.99970;	       0
   3;	  7.95043743;	    1.302924;	0.092149;	   0.000;	 0.07683;	       0
   4;	  7.94835689;	    2.137579;	0.044695;	   0.000;	 0.70154;	       0
   5;	  7.94014554;	    1.036394;	0.021718;	   0.000;	 0.00000;	       0
   6;	  7.93640597;	    1.303378;	0.110193;	   0.000;	 0.49202;	       0
   7;	  7.93355551;	    0.699007;	0.033977;	   0.000;	 0.91831;	       0
   8;	  7.93192659;	    0.851126;	0.038450;	   0.000;	 0.00024;	       0
   9;	  7.63210509;	    0.861580;	0.009816;	   0.000;	 0.02002;	       0
  10;	  7.62946909;	    0.829863;	0.019775;	   0.000;	 0.01957;	       0
  11;	  7.62682485;	    0.784607;	0.009510;	   0.000;	 0.06249;	       0
  12;	  7.61829637;	    0.850434;	0.010510;	   0.000;	 0.26274;	       0
  13;	  7.61623322;	    0.837738;	0.015110;	   0.000;	 0.10109;	       0
  14;	  7.61460049;	    0.903465;	0.049358;	   0.000;	 0.01907;	       0
  15;	  7.61266836;	    0.969665;	0.015103;	   0.000;	 0.05795;	       0
  16;	  7.61097570;	    0.650215;	0.007911;	   0.000;	 0.28557;	       0
  17;	  7.60240652;	    0.931488;	0.019958;	   0.000;	 0.01206;	       0
  18;	  7.59981195;	    0.806519;	0.025371;	   0.000;	 0.47176;	       0
  19;	  7.59720321;	    0.901644;	0.017437;	   0.000;	 0.10012;	       0
  20;	  7.51229738;	    0.850789;	0.006851;	   0.000;	 0.35941;	       0
  21;	  7.51022959;	    1.245956;	0.024194;	   0.000;	 0.01697;	       0
  22;	  7.50943599;	    0.931303;	0.033784;	   0.000;	 0.56085;	       0
  23;	  7.50833231;	    1.056510;	0.022635;	   0.000;	 0.99485;	       0
  24;	  7.50595794;	    1.126682;	0.031110;	   0.000;	 0.01302;	       0
  25;	  7.49879942;	    0.004886;	0.003261;	   0.000;	 0.51682;	       0
  26;	  7.49463549;	    2.694013;	0.043765;	   0.000;	 0.98314;	       0
  27;	  7.49370365;	    1.892266;	0.126032;	   0.000;	 0.71654;	       0
  28;	  7.49013782;	    1.029586;	0.022955;	   0.000;	 0.03430;	       0
  29;	  7.48169435;	    1.017806;	0.017638;	   0.000;	 0.25740;	       0
  30;	  7.47969208;	    0.579871;	0.011420;	   0.000;	 0.06187;	       0
  31;	  7.47841060;	    0.808707;	0.027839;	   0.000;	 0.74339;	       0
  32;	  7.47714423;	    0.681070;	0.017196;	   0.000;	 0.14371;	       0
  33;	  7.47541103;	    0.920543;	0.008464;	   0.000;	 0.35658;	       0
------------------------------------------------------------------------------------------------

================================================================================================



Component 2 fitted parameters:
          Region;	   Intensity
------------------------------------------------------------------------------------------------
     8.032:2.426;	4.80680299e+04

   #;	           u;	        fwhm;	 Rel. I.;	   Phase;	    Beta;	   Group
------------------------------------------------------------------------------------------------
   1;	  2.50185562;	    4.446792;	0.031327;	   0.000;	 0.95204;	       0
   2;	  2.49930884;	    1.840071;	0.361961;	   0.000;	 0.00331;	       0
   3;	  2.49556187;	    1.200866;	0.237911;	   0.000;	 0.69146;	       0
   4;	  2.49202806;	    1.438641;	0.223470;	   0.000;	 0.66922;	       0
   5;	  2.48818092;	    1.354509;	0.145332;	   0.000;	 0.04412;	       0
------------------------------------------------------------------------------------------------

================================================================================================



Component 3 fitted parameters:
          Region;	   Intensity
------------------------------------------------------------------------------------------------
     8.032:2.426;	9.17886651e+04

   #;	           u;	        fwhm;	 Rel. I.;	   Phase;	    Beta;	   Group
------------------------------------------------------------------------------------------------
   1;	  4.47483975;	    0.725918;	1.000000;	   0.000;	 0.00001;	       0
------------------------------------------------------------------------------------------------

================================================================================================



