# Patch generated by Pymend v0.4.0dev

--- a/ast_ref.py
+++ b/ast_ref.py
@@ -1,21 +1,31 @@
 # -*- coding: utf-8 -*-
 #!/usr/bin/env python
-"""Some module docstring
+"""Some module docstring.
+
 a
 bit
-longer"""
+longer
+"""
 
 
 def func1():
+    """_summary_."""
     pass
 
 
 def func2():
-    """SOme docstring"""
+    """SOme docstring."""
     pass
 
 
 def func3():
+    """_summary_.
+
+    Returns
+    -------
+    _type_
+        _description_
+    """
     return 1 + 1
 
 
@@ -24,19 +34,21 @@
 
     Parameters
     ----------
-    a : _type_
+    a : 'annotation'
         _description_
     b : int
         _description_
     c : int
         _description_ (Default value = 2)
-    *args : _type_
+    *args : list
         _description_
     d : int
         _description_ (Default value = 5)
     e : _type_
         _description_ (Default value = "test")
-    **kwargs : _type_
+    **kwargs : dict
+        _description_
+    pos : _type_
         _description_
 
     Returns
@@ -48,13 +60,36 @@
 
 
 def func2_with_params(a: str, /, b: int, c: int = 3, d: int = 5, e="test", **kwargs) -> str:
-    """Short string"""
+    """Short string.
+
+    Parameters
+    ----------
+    a : str
+        _description_
+    b : int
+        _description_
+    c : int
+        _description_ (Default value = 3)
+    d : int
+        _description_ (Default value = 5)
+    e : _type_
+        _description_ (Default value = 'test')
+    **kwargs : _type_
+        _description_
+    """
 
 
 class SomeTestClass:
     """Some docstring for that class."""
 
     def __init__(self, one_param=2):
+        """_summary_.
+
+        Parameters
+        ----------
+        one_param : _type_
+            _description_ (Default value = 2)
+        """
         pass
 
 SomeTestClass()
