# Patch generated by Pymend v0.4.0dev

--- a/class_body.py
+++ b/class_body.py
@@ -1,5 +1,27 @@
 """_summary_."""
 class A:
+    """_summary_.
+
+    Attributes
+    ----------
+    test1 : _type_
+        _description_
+    test2 : _type_
+        _description_
+    test3 : _type_
+        _description_
+    test4 : _type_
+        _description_
+    x : _type_
+        _description_
+
+    Methods
+    -------
+    c(c)
+        _description_
+    d(pos, /, a: 'annotation', b: int, c: int, *args: list, d: int=5, e='test', **kwargs: dict)
+        _description_
+    """
     def __init__(self):
         """_summary_."""
         self._x = None
@@ -157,9 +179,10 @@
 
     Attributes
     ----------
-    a
+    a : _type_
         some description
     b : int
+        _description_
     """
     def __init__(self):
         """_summary_."""
