# Patch generated by Pymend v0.4.0dev

--- a/keyword_only.py
+++ b/keyword_only.py
@@ -1,3 +1,14 @@
 """_summary_."""
 def foo(x: int, y: int, *, b: int) -> None:
+    """_summary_.
+
+    Parameters
+    ----------
+    x : int
+        _description_
+    y : int
+        _description_
+    b : int
+        _description_
+    """
     pass
