# Patch generated by Pymend v0.4.0dev

--- a/raises.py
+++ b/raises.py
@@ -11,6 +11,12 @@
         _description_
     SpecificError
         _description_
+    KeyError
+        _description_
+    ValueError
+        _description_
+    __UnknownError__
+        _description_
     """
     my_exceptions = [ValueError, TypeError]
     raise ValueError
