# Patch generated by Pymend v0.4.0dev

--- a/star_star_kwargs.py
+++ b/star_star_kwargs.py
@@ -1,2 +1,14 @@
 """_summary_."""
 def foo(x: int, y: int, **kwargs: int) -> None:
+    """_summary_.
+
+    Parameters
+    ----------
+    x : int
+        _description_
+    y : int
+        _description_
+    **kwargs : int
+        _description_
+    """
     pass
