# Patch generated by Pymend v0.4.0dev

--- a/star_args.py
+++ b/star_args.py
@@ -1,2 +1,14 @@
 """_summary_."""
 def foo(x: int, y: int, *args: int) -> None:
+    """_summary_.
+
+    Parameters
+    ----------
+    x : int
+        _description_
+    y : int
+        _description_
+    *args : int
+        _description_
+    """
     pass
