# Patch generated by Pymend v0.4.0dev

--- a/yields.py
+++ b/yields.py
@@ -8,13 +8,17 @@
         Something
     b : int
         Something else
-    
+    c : _type_
+        _description_
+
     Yields
     ------
     x : int
         _description_
     z : str
         desc.
+    y : _type_
+        _description_
     """
     if False:
         return a, b, c
@@ -28,6 +32,11 @@
     -------
     _type_
         desc
+
+    Yields
+    ------
+    _type_
+        _description_
     """
     if False:
         return a
@@ -38,13 +47,19 @@
 
     Returns
     -------
-    _type_
+    str
         desc
     """
     return a
 
 def generator() -> Iterable[str]:
-    """_summary_."""
+    """_summary_.
+
+    Yields
+    ------
+    str
+        _description_
+    """
     yield "test"
 
 def generator() -> Iterator[str]:
@@ -52,13 +67,24 @@
 
     Yields
     ------
-    Nope
+    str
         _description_
     """
     pass
 
 def generator() -> Generator[int, float, str]:
-    """_summary_."""
+    """_summary_.
+
+    Returns
+    -------
+    str
+        _description_
+
+    Yields
+    ------
+    int
+        _description_
+    """
     if False:
         return a
     yield b
