# Patch generated by Pymend v1.0.0

--- a/tests/test_pymend/refs/blank_lines.py
+++ b/tests/test_pymend/refs/blank_lines.py
@@ -2,6 +2,7 @@
 
 def test1(param: int):
     """Short summary.
+
     Parameters
     ----------
     param : int
@@ -13,6 +14,7 @@
     """Short summary.
 
     Long description
+
     Parameters
     ----------
     param : int
@@ -21,18 +23,12 @@
     pass
 
 def test3(param: int):
-    """Short summary.
-
-    """
+    """Short summary."""
     pass
 
 def test4(param: int):
     """Short summary.
 
     Long description
-
-    
-
-
     """
     pass
