# Patch generated by Pymend v1.0.8

--- a/tests/test_pymend/refs/comments_after_docstring.py
+++ b/tests/test_pymend/refs/comments_after_docstring.py
@@ -5,5 +5,10 @@
     """This is a multi line docstring.
 
     Long description.
+
+    Parameters
+    ----------
+    param : int
+        _description_
     """  # pylint: disable=line-too-long
     pass
