# Patch generated by Pymend v0.4.0dev

--- a/module_dot_missing.py
+++ b/module_dot_missing.py
@@ -1,6 +1,7 @@
-"""Some long docstring
+"""Some long docstring.
 
-a"""
+a
+"""
 
 def func():
-    """summary"""
+    """summary."""
