# Patch generated by Pymend v1.0.0

--- a/tests/test_pymend/refs/quote_default.py
+++ b/tests/test_pymend/refs/quote_default.py
@@ -5,6 +5,15 @@
     docstring: str,
     quotes: str = '"""',
 ) -> None:
+    r"""_summary_.
+
+    Parameters
+    ----------
+    docstring : str
+        _description_
+    quotes : str
+        _description_ (Default value = '\"\"\"')
+    """
     pass
 
 
@@ -12,22 +21,7 @@
     docstring: str,
     quotes: str = '"""',
 ) -> None:
-    """_summary_.
-
-    Parameters
-    ----------
-    docstring : str
-        The input docstring
-    quotes : str
-        The quotes to use.
-    """
-    print(x)
-
-def ex3(
-    docstring: str,
-    quotes: str = '"""',
-) -> None:
-    """_summary_.
+    r"""_summary_.
 
     Parameters
     ----------
@@ -37,3 +31,18 @@
         The quotes to use. (Default value = '\"\"\"')
     """
     print(x)
+
+def ex3(
+    docstring: str,
+    quotes: str = '"""',
+) -> None:
+    r"""_summary_.
+
+    Parameters
+    ----------
+    docstring : str
+        The input docstring
+    quotes : str
+        The quotes to use. (Default value = '\"\"\"')
+    """
+    print(x)
