# Patch generated by Pymend v0.4.0dev

--- a/returns.py
+++ b/returns.py
@@ -2,11 +2,16 @@
 def my_func(param0, param01: int, param1: str = "Some value", param2: List[str] = {}):
     """_summary_.
 
-    Args:
-        param0 (_type_): _description_
-        param01 (int): _description_
-        param1 (str, optional): _description_. Defaults to "Some value".
-        param2 (List[str], optional): _description_. Defaults to {}.
+    Parameters
+    ----------
+    param0 : _type_
+        _description_
+    param01 : int
+        _description_
+    param1 : str
+        _description_. Defaults to "Some value".
+    param2 : List[str]
+        _description_. Defaults to {}.
     """
     pass
 
@@ -16,7 +21,7 @@
 
     Returns
     -------
-    int
+    str
         Wrong
     """
     pass
@@ -34,6 +39,7 @@
 
 
 def my_single_return_func3():
+    """_summary_."""
     pass
 
 def my_single_return_func4():
@@ -45,20 +51,35 @@
     pass
 
 def my_single_return_func6() -> None:
-    """Existing docstring."""
+    """Existing docstring.
+
+    Returns
+    -------
+    None
+        _description_
+    """
     return None
 
 def my_single_return_func7():
-    """Existing docstring."""
+    """Existing docstring.
+
+    Returns
+    -------
+    _type_
+        _description_
+    """
     return None
 
 
 def my_func1(param0, param01: int):
     """_summary_.
 
-    Args:
-        param0 (_type_): _description_
-        param01 (int): _description_
+    Parameters
+    ----------
+    param0 : _type_
+        _description_
+    param01 : int
+        _description_
     """
     pass
 
@@ -68,7 +89,7 @@
 
     Returns
     -------
-    x :
+    x : _type_
         Some integer
     y : str
         Some string
