<h1>pymdgen.test_module</h1>
<p>A module to use as a target during unit tests</p>
<h1>Functions</h1>
<hr />
<h2>decorated_func</h2>
<p><code>def decorated_func(specific)</code></p>
<p>this is a decorated function </p>
<hr />
<h2>dummy_func</h2>
<p><code>def dummy_func()</code></p>
<p>this is a dummy func </p>
<hr />
<h1>Classes</h1>
<hr />
<h2>dummy</h2>
<p><code>dummy(builtins.object)</code></p>
<p>this is a dummy class</p>
<p>more class docstr</p>
<h3>Class Attributes</h3>
<ul>
<li>test_property (<code>prop Instance</code>): property help</li>
</ul>
<h3>Instanced Attributes</h3>
<p>These attributes / properties will be available on instances of the class</p>
<ul>
<li>another arbitrary property</li>
<li>arbitrary property</li>
<li>dummy_property (<code>@property</code>): this is a dummy property</li>
</ul>
<h3>Class Methods</h3>
<h4>dummy_classmethod</h4>
<p><code>def dummy_classmethod(self)</code></p>
<p>this is a dummy classmethod </p>
<hr />
<h3>Methods</h3>
<h4>dummy_method</h4>
<p><code>def dummy_method(self)</code></p>
<p>this is a dummy func </p>
<hr />