<p>```sh
usage: pymdgen [-h] [--debug] [--section-level SECTION_LEVEL]
               modules [modules ...]</p>
<p>Inspects given python modules and prints markdown</p>
<p>positional arguments:
  modules</p>
<p>optional arguments:
  -h, --help            show this help message and exit
  --debug               display debug messages
  --section-level SECTION_LEVEL
                        markdown section lavel</p>
<p>```</p>
